// 重构日志: 5db7510c
// 重构日志: 730f2e68
// 重构日志: 1a6f220f
// 重构日志: d5d17ce0
// 重构日志: e7216e6c
// 重构日志: f27af107
// 同步 ID: 6e44b30b @ Wed Jul 22 08:05:24 UTC 2026
// 同步 ID: e101be31 @ Fri Jul 24 10:03:56 UTC 2026
// 同步 ID: 69141c16 @ Sat Jul 25 00:19:26 UTC 2026
// 重构日志: cb153b2a
// 同步 ID: db165915 @ Sun Jul 26 20:34:00 UTC 2026
// 同步 ID: 3e8f1011 @ Tue Jul 28 08:17:39 UTC 2026
// 同步 ID: 06a4a361 @ Wed Jul 29 16:00:00 UTC 2026
// 重构日志: 4f1ae849
// 同步 ID: dc1c08c1 @ Thu Jul 30 17:12:55 UTC 2026
// 重构日志: 96fa646f
// 重构日志: 6a1060ed
// 同步 ID: 12729a15 @ Sat Aug  1 01:45:18 UTC 2026
// 重构日志: 14b1228a
// 重构日志: 228f14ee
// 重构日志: 434a51c1
// 重构日志: 5d31f788
// 重构日志: c809cece
// 同步 ID: 37408636 @ Thu Aug  6 11:57:38 UTC 2026
// 重构日志: 6d6e5b6e
// 重构日志: a7326108
// 同步 ID: 8f1f2bfc @ Fri Aug  7 07:14:02 UTC 2026
// 重构日志: f228e7c2
// 同步 ID: b5e505de @ Fri Aug  7 16:06:53 UTC 2026
// 同步 ID: 6f80c41d @ Fri Aug  7 17:38:33 UTC 2026
